<?xml version="1.0"?>
<link_info>
   <banner>MSP430 Linker PC v4.1.5</banner>
   <copyright>Copyright (c) 2003-2013 Texas Instruments Incorporated</copyright>
   <link_time>0x53d66d41</link_time>
   <output_file>transistor_tester.out</output_file>
   <entry_point>
      <name>_c_int00</name>
      <address>0x68ac</address>
   </entry_point>
   <input_file_list>
      <input_file id="fl-2">
         <path>.\c_files\</path>
         <kind>object</kind>
         <file>wdt.obj</file>
         <name>wdt.obj</name>
      </input_file>
      <input_file id="fl-3">
         <path>.\c_files\</path>
         <kind>object</kind>
         <file>ucs.obj</file>
         <name>ucs.obj</name>
      </input_file>
      <input_file id="fl-4">
         <path>.\c_files\</path>
         <kind>object</kind>
         <file>sfr_sys.obj</file>
         <name>sfr_sys.obj</name>
      </input_file>
      <input_file id="fl-5">
         <path>.\c_files\</path>
         <kind>object</kind>
         <file>rtc.obj</file>
         <name>rtc.obj</name>
      </input_file>
      <input_file id="fl-6">
         <path>.\c_files\</path>
         <kind>object</kind>
         <file>power.obj</file>
         <name>power.obj</name>
      </input_file>
      <input_file id="fl-7">
         <path>.\c_files\</path>
         <kind>object</kind>
         <file>pmm.obj</file>
         <name>pmm.obj</name>
      </input_file>
      <input_file id="fl-8">
         <path>.\c_files\</path>
         <kind>object</kind>
         <file>initialization.obj</file>
         <name>initialization.obj</name>
      </input_file>
      <input_file id="fl-9">
         <path>.\c_files\</path>
         <kind>object</kind>
         <file>graph_tab.obj</file>
         <name>graph_tab.obj</name>
      </input_file>
      <input_file id="fl-a">
         <path>.\c_files\</path>
         <kind>object</kind>
         <file>gpio.obj</file>
         <name>gpio.obj</name>
      </input_file>
      <input_file id="fl-b">
         <path>.\c_files\</path>
         <kind>object</kind>
         <file>clock.obj</file>
         <name>clock.obj</name>
      </input_file>
      <input_file id="fl-c">
         <path>.\c_files\</path>
         <kind>object</kind>
         <file>LCD.obj</file>
         <name>LCD.obj</name>
      </input_file>
      <input_file id="fl-d">
         <path>.\c_files\</path>
         <kind>object</kind>
         <file>KeyBoardDriver.obj</file>
         <name>KeyBoardDriver.obj</name>
      </input_file>
      <input_file id="fl-e">
         <path>.\c_files\</path>
         <kind>object</kind>
         <file>DA.obj</file>
         <name>DA.obj</name>
      </input_file>
      <input_file id="fl-f">
         <path>.\c_files\</path>
         <kind>object</kind>
         <file>AD.obj</file>
         <name>AD.obj</name>
      </input_file>
      <input_file id="fl-10">
         <path>.\</path>
         <kind>object</kind>
         <file>main.obj</file>
         <name>main.obj</name>
      </input_file>
      <input_file id="fl-2a">
         <path>F:\ti\ccsv5\tools\compiler\msp430_4.1.5\lib\</path>
         <kind>archive</kind>
         <file>rts430x.lib</file>
         <name>abs.obj</name>
      </input_file>
      <input_file id="fl-2b">
         <path>F:\ti\ccsv5\tools\compiler\msp430_4.1.5\lib\</path>
         <kind>archive</kind>
         <file>rts430x.lib</file>
         <name>boot.obj</name>
      </input_file>
      <input_file id="fl-2c">
         <path>F:\ti\ccsv5\tools\compiler\msp430_4.1.5\lib\</path>
         <kind>archive</kind>
         <file>rts430x.lib</file>
         <name>copy_decompress_none.obj</name>
      </input_file>
      <input_file id="fl-2d">
         <path>F:\ti\ccsv5\tools\compiler\msp430_4.1.5\lib\</path>
         <kind>archive</kind>
         <file>rts430x.lib</file>
         <name>copy_decompress_rle.obj</name>
      </input_file>
      <input_file id="fl-2e">
         <path>F:\ti\ccsv5\tools\compiler\msp430_4.1.5\lib\</path>
         <kind>archive</kind>
         <file>rts430x.lib</file>
         <name>copy_zero_init.obj</name>
      </input_file>
      <input_file id="fl-2f">
         <path>F:\ti\ccsv5\tools\compiler\msp430_4.1.5\lib\</path>
         <kind>archive</kind>
         <file>rts430x.lib</file>
         <name>cpy_util.obj</name>
      </input_file>
      <input_file id="fl-30">
         <path>F:\ti\ccsv5\tools\compiler\msp430_4.1.5\lib\</path>
         <kind>archive</kind>
         <file>rts430x.lib</file>
         <name>div16s.obj</name>
      </input_file>
      <input_file id="fl-31">
         <path>F:\ti\ccsv5\tools\compiler\msp430_4.1.5\lib\</path>
         <kind>archive</kind>
         <file>rts430x.lib</file>
         <name>div16u.obj</name>
      </input_file>
      <input_file id="fl-32">
         <path>F:\ti\ccsv5\tools\compiler\msp430_4.1.5\lib\</path>
         <kind>archive</kind>
         <file>rts430x.lib</file>
         <name>div32s.obj</name>
      </input_file>
      <input_file id="fl-33">
         <path>F:\ti\ccsv5\tools\compiler\msp430_4.1.5\lib\</path>
         <kind>archive</kind>
         <file>rts430x.lib</file>
         <name>div32u.obj</name>
      </input_file>
      <input_file id="fl-34">
         <path>F:\ti\ccsv5\tools\compiler\msp430_4.1.5\lib\</path>
         <kind>archive</kind>
         <file>rts430x.lib</file>
         <name>exit.obj</name>
      </input_file>
      <input_file id="fl-35">
         <path>F:\ti\ccsv5\tools\compiler\msp430_4.1.5\lib\</path>
         <kind>archive</kind>
         <file>rts430x.lib</file>
         <name>fs_add.obj</name>
      </input_file>
      <input_file id="fl-36">
         <path>F:\ti\ccsv5\tools\compiler\msp430_4.1.5\lib\</path>
         <kind>archive</kind>
         <file>rts430x.lib</file>
         <name>fs_div.obj</name>
      </input_file>
      <input_file id="fl-37">
         <path>F:\ti\ccsv5\tools\compiler\msp430_4.1.5\lib\</path>
         <kind>archive</kind>
         <file>rts430x.lib</file>
         <name>fs_itof.obj</name>
      </input_file>
      <input_file id="fl-38">
         <path>F:\ti\ccsv5\tools\compiler\msp430_4.1.5\lib\</path>
         <kind>archive</kind>
         <file>rts430x.lib</file>
         <name>fs_mpy.obj</name>
      </input_file>
      <input_file id="fl-39">
         <path>F:\ti\ccsv5\tools\compiler\msp430_4.1.5\lib\</path>
         <kind>archive</kind>
         <file>rts430x.lib</file>
         <name>fs_toi.obj</name>
      </input_file>
      <input_file id="fl-3a">
         <path>F:\ti\ccsv5\tools\compiler\msp430_4.1.5\lib\</path>
         <kind>archive</kind>
         <file>rts430x.lib</file>
         <name>fs_tou.obj</name>
      </input_file>
      <input_file id="fl-3b">
         <path>F:\ti\ccsv5\tools\compiler\msp430_4.1.5\lib\</path>
         <kind>archive</kind>
         <file>rts430x.lib</file>
         <name>fs_utof.obj</name>
      </input_file>
      <input_file id="fl-3c">
         <path>F:\ti\ccsv5\tools\compiler\msp430_4.1.5\lib\</path>
         <kind>archive</kind>
         <file>rts430x.lib</file>
         <name>lsl16.obj</name>
      </input_file>
      <input_file id="fl-3d">
         <path>F:\ti\ccsv5\tools\compiler\msp430_4.1.5\lib\</path>
         <kind>archive</kind>
         <file>rts430x.lib</file>
         <name>lsr16.obj</name>
      </input_file>
      <input_file id="fl-3e">
         <path>F:\ti\ccsv5\tools\compiler\msp430_4.1.5\lib\</path>
         <kind>archive</kind>
         <file>rts430x.lib</file>
         <name>memcpy.obj</name>
      </input_file>
      <input_file id="fl-3f">
         <path>F:\ti\ccsv5\tools\compiler\msp430_4.1.5\lib\</path>
         <kind>archive</kind>
         <file>rts430x.lib</file>
         <name>mult16_f5hw.obj</name>
      </input_file>
      <input_file id="fl-40">
         <path>F:\ti\ccsv5\tools\compiler\msp430_4.1.5\lib\</path>
         <kind>archive</kind>
         <file>rts430x.lib</file>
         <name>mult32_f5hw.obj</name>
      </input_file>
      <input_file id="fl-41">
         <path>F:\ti\ccsv5\tools\compiler\msp430_4.1.5\lib\</path>
         <kind>archive</kind>
         <file>rts430x.lib</file>
         <name>pre_init.obj</name>
      </input_file>
      <input_file id="fl-42">
         <path>F:\ti\ccsv5\tools\compiler\msp430_4.1.5\lib\</path>
         <kind>archive</kind>
         <file>rts430x.lib</file>
         <name>_lock.obj</name>
      </input_file>
      <input_file id="fl-43">
         <path>F:\ti\ccsv5\tools\compiler\msp430_4.1.5\lib\</path>
         <kind>archive</kind>
         <file>rts430x.lib</file>
         <name>args_main.obj</name>
      </input_file>
      <input_file id="fl-44">
         <path>F:\ti\ccsv5\tools\compiler\msp430_4.1.5\lib\</path>
         <kind>archive</kind>
         <file>rts430x.lib</file>
         <name>autoinit.obj</name>
      </input_file>
   </input_file_list>
   <object_component_list>
      <object_component id="oc-54">
         <name>.bss</name>
         <uninitialized>true</uninitialized>
         <run_address>0x287a</run_address>
         <size>0x8</size>
         <input_file_ref idref="fl-3"/>
      </object_component>
      <object_component id="oc-62">
         <name>.bss</name>
         <uninitialized>true</uninitialized>
         <run_address>0x2882</run_address>
         <size>0x2</size>
         <input_file_ref idref="fl-6"/>
      </object_component>
      <object_component id="oc-70">
         <name>.bss</name>
         <uninitialized>true</uninitialized>
         <run_address>0x1c00</run_address>
         <size>0xc00</size>
         <input_file_ref idref="fl-9"/>
      </object_component>
      <object_component id="oc-80">
         <name>.bss</name>
         <uninitialized>true</uninitialized>
         <run_address>0x2844</run_address>
         <size>0x26</size>
         <input_file_ref idref="fl-d"/>
      </object_component>
      <object_component id="oc-8e">
         <name>.bss</name>
         <uninitialized>true</uninitialized>
         <run_address>0x2800</run_address>
         <size>0x44</size>
         <input_file_ref idref="fl-10"/>
      </object_component>
      <object_component id="oc-99">
         <name>.bss</name>
         <uninitialized>true</uninitialized>
         <run_address>0x2872</run_address>
         <size>0x8</size>
         <input_file_ref idref="fl-2b"/>
      </object_component>
      <object_component id="oc-f0">
         <name>.bss</name>
         <uninitialized>true</uninitialized>
         <run_address>0x286a</run_address>
         <size>0x8</size>
         <input_file_ref idref="fl-42"/>
      </object_component>
      <object_component id="oc-9b">
         <name>.stack</name>
         <uninitialized>true</uninitialized>
         <run_address>0x5b60</run_address>
         <size>0x2</size>
         <input_file_ref idref="fl-2b"/>
      </object_component>
      <object_component id="oc-192">
         <name>.stack</name>
         <uninitialized>true</uninitialized>
         <run_address>0x5b60</run_address>
         <size>0x0</size>
      </object_component>
      <object_component id="oc-107">
         <name>.text:dealkey</name>
         <load_address>0x68d6</load_address>
         <run_address>0x68d6</run_address>
         <size>0xf7a</size>
         <input_file_ref idref="fl-10"/>
      </object_component>
      <object_component id="oc-103">
         <name>.text:disp</name>
         <load_address>0x7850</load_address>
         <run_address>0x7850</run_address>
         <size>0xa7a</size>
         <input_file_ref idref="fl-10"/>
      </object_component>
      <object_component id="oc-be">
         <name>.text</name>
         <load_address>0x82ca</load_address>
         <run_address>0x82ca</run_address>
         <size>0x130</size>
         <input_file_ref idref="fl-35"/>
      </object_component>
      <object_component id="oc-130">
         <name>.text:WriteSPI</name>
         <load_address>0x83fa</load_address>
         <run_address>0x83fa</run_address>
         <size>0x122</size>
         <input_file_ref idref="fl-f"/>
      </object_component>
      <object_component id="oc-137">
         <name>.text:ConfigureDelta</name>
         <load_address>0x851c</load_address>
         <run_address>0x851c</run_address>
         <size>0x11c</size>
         <input_file_ref idref="fl-10"/>
      </object_component>
      <object_component id="oc-102">
         <name>.text:initialize</name>
         <load_address>0x8638</load_address>
         <run_address>0x8638</run_address>
         <size>0x112</size>
         <input_file_ref idref="fl-8"/>
      </object_component>
      <object_component id="oc-12a">
         <name>.text:set_ve</name>
         <load_address>0x874a</load_address>
         <run_address>0x874a</run_address>
         <size>0xfa</size>
         <input_file_ref idref="fl-10"/>
      </object_component>
      <object_component id="oc-114">
         <name>.text:measure</name>
         <load_address>0x8844</load_address>
         <run_address>0x8844</run_address>
         <size>0xe8</size>
         <input_file_ref idref="fl-10"/>
      </object_component>
      <object_component id="oc-116">
         <name>.text:drawpoint</name>
         <load_address>0x892c</load_address>
         <run_address>0x892c</run_address>
         <size>0xe0</size>
         <input_file_ref idref="fl-c"/>
      </object_component>
      <object_component id="oc-13a">
         <name>.text:PMM_setVCoreUp</name>
         <load_address>0x8a0c</load_address>
         <run_address>0x8a0c</run_address>
         <size>0xcc</size>
         <input_file_ref idref="fl-7"/>
      </object_component>
      <object_component id="oc-ca">
         <name>.text</name>
         <load_address>0x8ad8</load_address>
         <run_address>0x8ad8</run_address>
         <size>0xb6</size>
         <input_file_ref idref="fl-38"/>
      </object_component>
      <object_component id="oc-10c">
         <name>.text:LCD_draw</name>
         <load_address>0x8b8e</load_address>
         <run_address>0x8b8e</run_address>
         <size>0x9e</size>
         <input_file_ref idref="fl-c"/>
      </object_component>
      <object_component id="oc-fd">
         <name>.text:main</name>
         <load_address>0x8c2c</load_address>
         <run_address>0x8c2c</run_address>
         <size>0x96</size>
         <input_file_ref idref="fl-10"/>
      </object_component>
      <object_component id="oc-c2">
         <name>.text</name>
         <load_address>0x8cc2</load_address>
         <run_address>0x8cc2</run_address>
         <size>0x8e</size>
         <input_file_ref idref="fl-36"/>
      </object_component>
      <object_component id="oc-13b">
         <name>.text:PMM_setVCoreDown</name>
         <load_address>0x8d50</load_address>
         <run_address>0x8d50</run_address>
         <size>0x86</size>
         <input_file_ref idref="fl-7"/>
      </object_component>
      <object_component id="oc-12d">
         <name>.text:ADS_7950</name>
         <load_address>0x8dd6</load_address>
         <run_address>0x8dd6</run_address>
         <size>0x80</size>
         <input_file_ref idref="fl-f"/>
      </object_component>
      <object_component id="oc-110">
         <name>.text:time_init</name>
         <load_address>0x8e56</load_address>
         <run_address>0x8e56</run_address>
         <size>0x7e</size>
         <input_file_ref idref="fl-b"/>
      </object_component>
      <object_component id="oc-106">
         <name>.text:Key_Event</name>
         <load_address>0x8ed4</load_address>
         <run_address>0x8ed4</run_address>
         <size>0x7a</size>
         <input_file_ref idref="fl-d"/>
      </object_component>
      <object_component id="oc-139">
         <name>.text:Read_Data</name>
         <load_address>0x8f4e</load_address>
         <run_address>0x8f4e</run_address>
         <size>0x78</size>
         <input_file_ref idref="fl-c"/>
      </object_component>
      <object_component id="oc-ce">
         <name>.text</name>
         <load_address>0x8fc6</load_address>
         <run_address>0x8fc6</run_address>
         <size>0x68</size>
         <input_file_ref idref="fl-39"/>
      </object_component>
      <object_component id="oc-104">
         <name>.text:Ini_Lcd</name>
         <load_address>0x902e</load_address>
         <run_address>0x902e</run_address>
         <size>0x5e</size>
         <input_file_ref idref="fl-c"/>
      </object_component>
      <object_component id="oc-b7">
         <name>.text</name>
         <load_address>0x908c</load_address>
         <run_address>0x908c</run_address>
         <size>0x58</size>
         <input_file_ref idref="fl-33"/>
      </object_component>
      <object_component id="oc-12e">
         <name>.text:RTC_calendarInit</name>
         <load_address>0x90e4</load_address>
         <run_address>0x90e4</run_address>
         <size>0x54</size>
         <input_file_ref idref="fl-5"/>
      </object_component>
      <object_component id="oc-128">
         <name>.text:Check_Key</name>
         <load_address>0x9138</load_address>
         <run_address>0x9138</run_address>
         <size>0x4c</size>
         <input_file_ref idref="fl-d"/>
      </object_component>
      <object_component id="oc-109">
         <name>.text:SPEED_UP</name>
         <load_address>0x9184</load_address>
         <run_address>0x9184</run_address>
         <size>0x4c</size>
         <input_file_ref idref="fl-6"/>
      </object_component>
      <object_component id="oc-124">
         <name>.text:num2char</name>
         <load_address>0x91d0</load_address>
         <run_address>0x91d0</run_address>
         <size>0x4c</size>
         <input_file_ref idref="fl-10"/>
      </object_component>
      <object_component id="oc-10b">
         <name>.text:Write_Data</name>
         <load_address>0x921c</load_address>
         <run_address>0x921c</run_address>
         <size>0x4a</size>
         <input_file_ref idref="fl-c"/>
      </object_component>
      <object_component id="oc-113">
         <name>.text:TLV_5613</name>
         <load_address>0x9266</load_address>
         <run_address>0x9266</run_address>
         <size>0x48</size>
         <input_file_ref idref="fl-e"/>
      </object_component>
      <object_component id="oc-ff">
         <name>.text:Write_Cmd</name>
         <load_address>0x92ae</load_address>
         <run_address>0x92ae</run_address>
         <size>0x48</size>
         <input_file_ref idref="fl-c"/>
      </object_component>
      <object_component id="oc-fc">
         <name>.text:_auto_init</name>
         <load_address>0x92f6</load_address>
         <run_address>0x92f6</run_address>
         <size>0x48</size>
         <input_file_ref idref="fl-44"/>
      </object_component>
      <object_component id="oc-132">
         <name>.text:UCS_LFXT1Start</name>
         <load_address>0x933e</load_address>
         <run_address>0x933e</run_address>
         <size>0x46</size>
         <input_file_ref idref="fl-3"/>
      </object_component>
      <object_component id="oc-d2">
         <name>.text</name>
         <load_address>0x9384</load_address>
         <run_address>0x9384</run_address>
         <size>0x46</size>
         <input_file_ref idref="fl-3a"/>
      </object_component>
      <object_component id="oc-100">
         <name>.text:RTC_getCalendarTime</name>
         <load_address>0x93ca</load_address>
         <run_address>0x93ca</run_address>
         <size>0x44</size>
         <input_file_ref idref="fl-5"/>
      </object_component>
      <object_component id="oc-119">
         <name>.text:hex2char</name>
         <load_address>0x940e</load_address>
         <run_address>0x940e</run_address>
         <size>0x40</size>
         <input_file_ref idref="fl-10"/>
      </object_component>
      <object_component id="oc-b3">
         <name>.text</name>
         <load_address>0x944e</load_address>
         <run_address>0x944e</run_address>
         <size>0x40</size>
         <input_file_ref idref="fl-32"/>
      </object_component>
      <object_component id="oc-12f">
         <name>.text:PMM_setVCore</name>
         <load_address>0x948e</load_address>
         <run_address>0x948e</run_address>
         <size>0x3a</size>
         <input_file_ref idref="fl-7"/>
      </object_component>
      <object_component id="oc-138">
         <name>.text:check</name>
         <load_address>0x94c8</load_address>
         <run_address>0x94c8</run_address>
         <size>0x38</size>
         <input_file_ref idref="fl-10"/>
      </object_component>
      <object_component id="oc-127">
         <name>.text:delay_15ms</name>
         <load_address>0x9500</load_address>
         <run_address>0x9500</run_address>
         <size>0x36</size>
         <input_file_ref idref="fl-d"/>
      </object_component>
      <object_component id="oc-c6">
         <name>.text</name>
         <load_address>0x9536</load_address>
         <run_address>0x9536</run_address>
         <size>0x36</size>
         <input_file_ref idref="fl-37"/>
      </object_component>
      <object_component id="oc-131">
         <name>.text:GPIO_setAsPeripheralModuleFunctionInputPin</name>
         <load_address>0x956c</load_address>
         <run_address>0x956c</run_address>
         <size>0x2c</size>
         <input_file_ref idref="fl-a"/>
      </object_component>
      <object_component id="oc-12b">
         <name>.text:char2char</name>
         <load_address>0x9598</load_address>
         <run_address>0x9598</run_address>
         <size>0x2c</size>
         <input_file_ref idref="fl-10"/>
      </object_component>
      <object_component id="oc-ab">
         <name>.text</name>
         <load_address>0x95c4</load_address>
         <run_address>0x95c4</run_address>
         <size>0x2c</size>
         <input_file_ref idref="fl-30"/>
      </object_component>
      <object_component id="oc-10e">
         <name>.text:GPIO_Init</name>
         <load_address>0x95f0</load_address>
         <run_address>0x95f0</run_address>
         <size>0x2a</size>
         <input_file_ref idref="fl-f"/>
      </object_component>
      <object_component id="oc-12c">
         <name>.text:char2hex</name>
         <load_address>0x961a</load_address>
         <run_address>0x961a</run_address>
         <size>0x2a</size>
         <input_file_ref idref="fl-10"/>
      </object_component>
      <object_component id="oc-d6">
         <name>.text</name>
         <load_address>0x9644</load_address>
         <run_address>0x9644</run_address>
         <size>0x24</size>
         <input_file_ref idref="fl-3b"/>
      </object_component>
      <object_component id="oc-e9">
         <name>.text</name>
         <load_address>0x9668</load_address>
         <run_address>0x9668</run_address>
         <size>0x22</size>
         <input_file_ref idref="fl-40"/>
      </object_component>
      <object_component id="oc-118">
         <name>.text:Disp_HZ</name>
         <load_address>0x968a</load_address>
         <run_address>0x968a</run_address>
         <size>0x20</size>
         <input_file_ref idref="fl-c"/>
      </object_component>
      <object_component id="oc-134">
         <name>.text:RTC_enableInterrupt</name>
         <load_address>0x96aa</load_address>
         <run_address>0x96aa</run_address>
         <size>0x1e</size>
         <input_file_ref idref="fl-5"/>
      </object_component>
      <object_component id="oc-10d">
         <name>.text:Init_Keypad</name>
         <load_address>0x96c8</load_address>
         <run_address>0x96c8</run_address>
         <size>0x1c</size>
         <input_file_ref idref="fl-d"/>
      </object_component>
      <object_component id="oc-10f">
         <name>.text:dainit</name>
         <load_address>0x96e4</load_address>
         <run_address>0x96e4</run_address>
         <size>0x16</size>
         <input_file_ref idref="fl-e"/>
      </object_component>
      <object_component id="oc-af">
         <name>.text</name>
         <load_address>0x96fa</load_address>
         <run_address>0x96fa</run_address>
         <size>0x16</size>
         <input_file_ref idref="fl-31"/>
      </object_component>
      <object_component id="oc-e5">
         <name>.text</name>
         <load_address>0x9710</load_address>
         <run_address>0x9710</run_address>
         <size>0x16</size>
         <input_file_ref idref="fl-3f"/>
      </object_component>
      <object_component id="oc-101">
         <name>.text:memcpy</name>
         <load_address>0x9726</load_address>
         <run_address>0x9726</run_address>
         <size>0x12</size>
         <input_file_ref idref="fl-3e"/>
      </object_component>
      <object_component id="oc-126">
         <name>.text:delay_1ms</name>
         <load_address>0x9738</load_address>
         <run_address>0x9738</run_address>
         <size>0x10</size>
         <input_file_ref idref="fl-c"/>
      </object_component>
      <object_component id="oc-108">
         <name>.text:delay_50us</name>
         <load_address>0x9748</load_address>
         <run_address>0x9748</run_address>
         <size>0x10</size>
         <input_file_ref idref="fl-c"/>
      </object_component>
      <object_component id="oc-136">
         <name>.text:transfer</name>
         <load_address>0x9758</load_address>
         <run_address>0x9758</run_address>
         <size>0x10</size>
         <input_file_ref idref="fl-e"/>
      </object_component>
      <object_component id="oc-105">
         <name>.text:delay_nms</name>
         <load_address>0x9768</load_address>
         <run_address>0x9768</run_address>
         <size>0xe</size>
         <input_file_ref idref="fl-c"/>
      </object_component>
      <object_component id="oc-10a">
         <name>.text:sel_low</name>
         <load_address>0x9776</load_address>
         <run_address>0x9776</run_address>
         <size>0xe</size>
         <input_file_ref idref="fl-c"/>
      </object_component>
      <object_component id="oc-133">
         <name>.text:RTC_setCalendarEvent</name>
         <load_address>0x9784</load_address>
         <run_address>0x9784</run_address>
         <size>0xc</size>
         <input_file_ref idref="fl-5"/>
      </object_component>
      <object_component id="oc-115">
         <name>.text:abs</name>
         <load_address>0x9790</load_address>
         <run_address>0x9790</run_address>
         <size>0xa</size>
         <input_file_ref idref="fl-2a"/>
      </object_component>
      <object_component id="oc-da">
         <name>.text</name>
         <load_address>0x979a</load_address>
         <run_address>0x979a</run_address>
         <size>0xa</size>
         <input_file_ref idref="fl-3c"/>
      </object_component>
      <object_component id="oc-de">
         <name>.text</name>
         <load_address>0x97a4</load_address>
         <run_address>0x97a4</run_address>
         <size>0xa</size>
         <input_file_ref idref="fl-3d"/>
      </object_component>
      <object_component id="oc-135">
         <name>.text:RTC_startClock</name>
         <load_address>0x97ae</load_address>
         <run_address>0x97ae</run_address>
         <size>0x8</size>
         <input_file_ref idref="fl-5"/>
      </object_component>
      <object_component id="oc-fb">
         <name>.text:_system_pre_init</name>
         <load_address>0x97b6</load_address>
         <run_address>0x97b6</run_address>
         <size>0x4</size>
         <input_file_ref idref="fl-41"/>
      </object_component>
      <object_component id="oc-fe">
         <name>.text:abort</name>
         <load_address>0x97ba</load_address>
         <run_address>0x97ba</run_address>
         <size>0x4</size>
         <input_file_ref idref="fl-34"/>
      </object_component>
      <object_component id="oc-fa">
         <name>.text:_nop</name>
         <load_address>0x97be</load_address>
         <run_address>0x97be</run_address>
         <size>0x2</size>
         <input_file_ref idref="fl-42"/>
      </object_component>
      <object_component id="oc-92">
         <name>.text:_isr:RTC_ISR</name>
         <load_address>0x6878</load_address>
         <run_address>0x6878</run_address>
         <size>0x34</size>
         <input_file_ref idref="fl-10"/>
      </object_component>
      <object_component id="oc-4f">
         <name>.text:_isr:_c_int00_noexit</name>
         <load_address>0x68ac</load_address>
         <run_address>0x68ac</run_address>
         <size>0x2a</size>
         <input_file_ref idref="fl-2b"/>
      </object_component>
      <object_component id="oc-72">
         <name>.cinit</name>
         <load_address>0x5c00</load_address>
         <run_address>0x5c00</run_address>
         <size>0xc10</size>
         <input_file_ref idref="fl-9"/>
      </object_component>
      <object_component id="oc-91">
         <name>.cinit</name>
         <load_address>0x6810</load_address>
         <run_address>0x6810</run_address>
         <size>0x2c</size>
         <input_file_ref idref="fl-10"/>
      </object_component>
      <object_component id="oc-82">
         <name>.cinit</name>
         <load_address>0x683c</load_address>
         <run_address>0x683c</run_address>
         <size>0x24</size>
         <input_file_ref idref="fl-d"/>
      </object_component>
      <object_component id="oc-56">
         <name>.cinit</name>
         <load_address>0x6860</load_address>
         <run_address>0x6860</run_address>
         <size>0x10</size>
         <input_file_ref idref="fl-3"/>
      </object_component>
      <object_component id="oc-64">
         <name>.cinit</name>
         <load_address>0x6870</load_address>
         <run_address>0x6870</run_address>
         <size>0x6</size>
         <input_file_ref idref="fl-6"/>
      </object_component>
      <object_component id="oc-11f">
         <name>.const:help</name>
         <load_address>0x97c0</load_address>
         <run_address>0x97c0</run_address>
         <size>0x187</size>
         <input_file_ref idref="fl-10"/>
      </object_component>
      <object_component id="oc-125">
         <name>.const:RESET_CONFIRM</name>
         <load_address>0x9948</load_address>
         <run_address>0x9948</run_address>
         <size>0x44</size>
         <input_file_ref idref="fl-10"/>
      </object_component>
      <object_component id="oc-120">
         <name>.const:hang3</name>
         <load_address>0x998c</load_address>
         <run_address>0x998c</run_address>
         <size>0x33</size>
         <input_file_ref idref="fl-10"/>
      </object_component>
      <object_component id="oc-121">
         <name>.const:hang4</name>
         <load_address>0x99c0</load_address>
         <run_address>0x99c0</run_address>
         <size>0x33</size>
         <input_file_ref idref="fl-10"/>
      </object_component>
      <object_component id="oc-122">
         <name>.const:hang1</name>
         <load_address>0x99f4</load_address>
         <run_address>0x99f4</run_address>
         <size>0x22</size>
         <input_file_ref idref="fl-10"/>
      </object_component>
      <object_component id="oc-123">
         <name>.const:hang2</name>
         <load_address>0x9a16</load_address>
         <run_address>0x9a16</run_address>
         <size>0x22</size>
         <input_file_ref idref="fl-10"/>
      </object_component>
      <object_component id="oc-117">
         <name>.const:time</name>
         <load_address>0x9a38</load_address>
         <run_address>0x9a38</run_address>
         <size>0x22</size>
         <input_file_ref idref="fl-10"/>
      </object_component>
      <object_component id="oc-11e">
         <name>.const:date</name>
         <load_address>0x9a5a</load_address>
         <run_address>0x9a5a</run_address>
         <size>0x15</size>
         <input_file_ref idref="fl-10"/>
      </object_component>
      <object_component id="oc-111">
         <name>.const:.string:$P$T0$1</name>
         <load_address>0x9a70</load_address>
         <run_address>0x9a70</run_address>
         <size>0x7</size>
         <input_file_ref idref="fl-10"/>
      </object_component>
      <object_component id="oc-129">
         <name>.const:.string:$P$T2$3</name>
         <load_address>0x9a78</load_address>
         <run_address>0x9a78</run_address>
         <size>0x5</size>
         <input_file_ref idref="fl-10"/>
      </object_component>
      <object_component id="oc-11d">
         <name>.const:.string:week</name>
         <load_address>0x9a7e</load_address>
         <run_address>0x9a7e</run_address>
         <size>0x5</size>
         <input_file_ref idref="fl-10"/>
      </object_component>
      <object_component id="oc-112">
         <name>.const:.string:$P$T1$2</name>
         <load_address>0x9a84</load_address>
         <run_address>0x9a84</run_address>
         <size>0x3</size>
         <input_file_ref idref="fl-10"/>
      </object_component>
      <object_component id="oc-11c">
         <name>.const:.string:day</name>
         <load_address>0x9a88</load_address>
         <run_address>0x9a88</run_address>
         <size>0x3</size>
         <input_file_ref idref="fl-10"/>
      </object_component>
      <object_component id="oc-11b">
         <name>.const:.string:month</name>
         <load_address>0x9a8c</load_address>
         <run_address>0x9a8c</run_address>
         <size>0x3</size>
         <input_file_ref idref="fl-10"/>
      </object_component>
      <object_component id="oc-11a">
         <name>.const:.string:year</name>
         <load_address>0x9a90</load_address>
         <run_address>0x9a90</run_address>
         <size>0x3</size>
         <input_file_ref idref="fl-10"/>
      </object_component>
      <object_component id="oc-90">
         <name>.int41</name>
         <load_address>0xffd2</load_address>
         <run_address>0xffd2</run_address>
         <size>0x2</size>
         <input_file_ref idref="fl-10"/>
      </object_component>
      <object_component id="oc-9c">
         <name>.reset</name>
         <load_address>0xfffe</load_address>
         <run_address>0xfffe</run_address>
         <size>0x2</size>
         <input_file_ref idref="fl-2b"/>
      </object_component>
      <object_component id="oc-50">
         <name>.debug_info</name>
         <load_address>0x0</load_address>
         <run_address>0x0</run_address>
         <size>0x1ca</size>
         <input_file_ref idref="fl-2"/>
      </object_component>
      <object_component id="oc-55">
         <name>.debug_info</name>
         <load_address>0x1ca</load_address>
         <run_address>0x1ca</run_address>
         <size>0x435</size>
         <input_file_ref idref="fl-3"/>
      </object_component>
      <object_component id="oc-5a">
         <name>.debug_info</name>
         <load_address>0x5ff</load_address>
         <run_address>0x5ff</run_address>
         <size>0x1ce</size>
         <input_file_ref idref="fl-4"/>
      </object_component>
      <object_component id="oc-5e">
         <name>.debug_info</name>
         <load_address>0x7cd</load_address>
         <run_address>0x7cd</run_address>
         <size>0x750</size>
         <input_file_ref idref="fl-5"/>
      </object_component>
      <object_component id="oc-63">
         <name>.debug_info</name>
         <load_address>0xf1d</load_address>
         <run_address>0xf1d</run_address>
         <size>0x3e7</size>
         <input_file_ref idref="fl-6"/>
      </object_component>
      <object_component id="oc-68">
         <name>.debug_info</name>
         <load_address>0x1304</load_address>
         <run_address>0x1304</run_address>
         <size>0x8cb</size>
         <input_file_ref idref="fl-7"/>
      </object_component>
      <object_component id="oc-6c">
         <name>.debug_info</name>
         <load_address>0x1bcf</load_address>
         <run_address>0x1bcf</run_address>
         <size>0x6c6</size>
         <input_file_ref idref="fl-8"/>
      </object_component>
      <object_component id="oc-71">
         <name>.debug_info</name>
         <load_address>0x2295</load_address>
         <run_address>0x2295</run_address>
         <size>0x25c</size>
         <input_file_ref idref="fl-9"/>
      </object_component>
      <object_component id="oc-74">
         <name>.debug_info</name>
         <load_address>0x24f1</load_address>
         <run_address>0x24f1</run_address>
         <size>0x32b</size>
         <input_file_ref idref="fl-a"/>
      </object_component>
      <object_component id="oc-78">
         <name>.debug_info</name>
         <load_address>0x281c</load_address>
         <run_address>0x281c</run_address>
         <size>0x52d</size>
         <input_file_ref idref="fl-b"/>
      </object_component>
      <object_component id="oc-7c">
         <name>.debug_info</name>
         <load_address>0x2d49</load_address>
         <run_address>0x2d49</run_address>
         <size>0xea1</size>
         <input_file_ref idref="fl-c"/>
      </object_component>
      <object_component id="oc-81">
         <name>.debug_info</name>
         <load_address>0x3bea</load_address>
         <run_address>0x3bea</run_address>
         <size>0x783</size>
         <input_file_ref idref="fl-d"/>
      </object_component>
      <object_component id="oc-86">
         <name>.debug_info</name>
         <load_address>0x436d</load_address>
         <run_address>0x436d</run_address>
         <size>0x3da</size>
         <input_file_ref idref="fl-e"/>
      </object_component>
      <object_component id="oc-8a">
         <name>.debug_info</name>
         <load_address>0x4747</load_address>
         <run_address>0x4747</run_address>
         <size>0x587</size>
         <input_file_ref idref="fl-f"/>
      </object_component>
      <object_component id="oc-8f">
         <name>.debug_info</name>
         <load_address>0x4cce</load_address>
         <run_address>0x4cce</run_address>
         <size>0x25ec</size>
         <input_file_ref idref="fl-10"/>
      </object_component>
      <object_component id="oc-96">
         <name>.debug_info</name>
         <load_address>0x72ba</load_address>
         <run_address>0x72ba</run_address>
         <size>0x206</size>
         <input_file_ref idref="fl-2a"/>
      </object_component>
      <object_component id="oc-9a">
         <name>.debug_info</name>
         <load_address>0x74c0</load_address>
         <run_address>0x74c0</run_address>
         <size>0x432</size>
         <input_file_ref idref="fl-2b"/>
      </object_component>
      <object_component id="oc-9f">
         <name>.debug_info</name>
         <load_address>0x78f2</load_address>
         <run_address>0x78f2</run_address>
         <size>0x269</size>
         <input_file_ref idref="fl-2c"/>
      </object_component>
      <object_component id="oc-a2">
         <name>.debug_info</name>
         <load_address>0x7b5b</load_address>
         <run_address>0x7b5b</run_address>
         <size>0x265</size>
         <input_file_ref idref="fl-2d"/>
      </object_component>
      <object_component id="oc-a5">
         <name>.debug_info</name>
         <load_address>0x7dc0</load_address>
         <run_address>0x7dc0</run_address>
         <size>0x26c</size>
         <input_file_ref idref="fl-2e"/>
      </object_component>
      <object_component id="oc-a8">
         <name>.debug_info</name>
         <load_address>0x802c</load_address>
         <run_address>0x802c</run_address>
         <size>0x8b</size>
         <input_file_ref idref="fl-2f"/>
      </object_component>
      <object_component id="oc-ac">
         <name>.debug_info</name>
         <load_address>0x80b7</load_address>
         <run_address>0x80b7</run_address>
         <size>0xc5</size>
         <input_file_ref idref="fl-30"/>
      </object_component>
      <object_component id="oc-b0">
         <name>.debug_info</name>
         <load_address>0x817c</load_address>
         <run_address>0x817c</run_address>
         <size>0xb8</size>
         <input_file_ref idref="fl-31"/>
      </object_component>
      <object_component id="oc-b4">
         <name>.debug_info</name>
         <load_address>0x8234</load_address>
         <run_address>0x8234</run_address>
         <size>0xc8</size>
         <input_file_ref idref="fl-32"/>
      </object_component>
      <object_component id="oc-b8">
         <name>.debug_info</name>
         <load_address>0x82fc</load_address>
         <run_address>0x82fc</run_address>
         <size>0xba</size>
         <input_file_ref idref="fl-33"/>
      </object_component>
      <object_component id="oc-bb">
         <name>.debug_info</name>
         <load_address>0x83b6</load_address>
         <run_address>0x83b6</run_address>
         <size>0x2c6</size>
         <input_file_ref idref="fl-34"/>
      </object_component>
      <object_component id="oc-bf">
         <name>.debug_info</name>
         <load_address>0x867c</load_address>
         <run_address>0x867c</run_address>
         <size>0xbc</size>
         <input_file_ref idref="fl-35"/>
      </object_component>
      <object_component id="oc-c3">
         <name>.debug_info</name>
         <load_address>0x8738</load_address>
         <run_address>0x8738</run_address>
         <size>0xbc</size>
         <input_file_ref idref="fl-36"/>
      </object_component>
      <object_component id="oc-c7">
         <name>.debug_info</name>
         <load_address>0x87f4</load_address>
         <run_address>0x87f4</run_address>
         <size>0xc5</size>
         <input_file_ref idref="fl-37"/>
      </object_component>
      <object_component id="oc-cb">
         <name>.debug_info</name>
         <load_address>0x88b9</load_address>
         <run_address>0x88b9</run_address>
         <size>0xbc</size>
         <input_file_ref idref="fl-38"/>
      </object_component>
      <object_component id="oc-cf">
         <name>.debug_info</name>
         <load_address>0x8975</load_address>
         <run_address>0x8975</run_address>
         <size>0xce</size>
         <input_file_ref idref="fl-39"/>
      </object_component>
      <object_component id="oc-d3">
         <name>.debug_info</name>
         <load_address>0x8a43</load_address>
         <run_address>0x8a43</run_address>
         <size>0xc8</size>
         <input_file_ref idref="fl-3a"/>
      </object_component>
      <object_component id="oc-d7">
         <name>.debug_info</name>
         <load_address>0x8b0b</load_address>
         <run_address>0x8b0b</run_address>
         <size>0xbf</size>
         <input_file_ref idref="fl-3b"/>
      </object_component>
      <object_component id="oc-db">
         <name>.debug_info</name>
         <load_address>0x8bca</load_address>
         <run_address>0x8bca</run_address>
         <size>0xb5</size>
         <input_file_ref idref="fl-3c"/>
      </object_component>
      <object_component id="oc-df">
         <name>.debug_info</name>
         <load_address>0x8c7f</load_address>
         <run_address>0x8c7f</run_address>
         <size>0xb5</size>
         <input_file_ref idref="fl-3d"/>
      </object_component>
      <object_component id="oc-e2">
         <name>.debug_info</name>
         <load_address>0x8d34</load_address>
         <run_address>0x8d34</run_address>
         <size>0x2a6</size>
         <input_file_ref idref="fl-3e"/>
      </object_component>
      <object_component id="oc-e6">
         <name>.debug_info</name>
         <load_address>0x8fda</load_address>
         <run_address>0x8fda</run_address>
         <size>0xc7</size>
         <input_file_ref idref="fl-3f"/>
      </object_component>
      <object_component id="oc-ea">
         <name>.debug_info</name>
         <load_address>0x90a1</load_address>
         <run_address>0x90a1</run_address>
         <size>0xc7</size>
         <input_file_ref idref="fl-40"/>
      </object_component>
      <object_component id="oc-ed">
         <name>.debug_info</name>
         <load_address>0x9168</load_address>
         <run_address>0x9168</run_address>
         <size>0x224</size>
         <input_file_ref idref="fl-41"/>
      </object_component>
      <object_component id="oc-f1">
         <name>.debug_info</name>
         <load_address>0x938c</load_address>
         <run_address>0x938c</run_address>
         <size>0x23b</size>
         <input_file_ref idref="fl-42"/>
      </object_component>
      <object_component id="oc-f4">
         <name>.debug_info</name>
         <load_address>0x95c7</load_address>
         <run_address>0x95c7</run_address>
         <size>0x277</size>
         <input_file_ref idref="fl-43"/>
      </object_component>
      <object_component id="oc-f7">
         <name>.debug_info</name>
         <load_address>0x983e</load_address>
         <run_address>0x983e</run_address>
         <size>0x37f</size>
         <input_file_ref idref="fl-44"/>
      </object_component>
      <object_component id="oc-194">
         <name>.debug_info</name>
         <load_address>0x9bbd</load_address>
         <run_address>0x9bbd</run_address>
         <size>0x6a</size>
      </object_component>
      <object_component id="oc-51">
         <name>.debug_frame</name>
         <load_address>0x0</load_address>
         <run_address>0x0</run_address>
         <size>0x32</size>
         <input_file_ref idref="fl-2"/>
      </object_component>
      <object_component id="oc-57">
         <name>.debug_frame</name>
         <load_address>0x32</load_address>
         <run_address>0x32</run_address>
         <size>0x47</size>
         <input_file_ref idref="fl-3"/>
      </object_component>
      <object_component id="oc-5b">
         <name>.debug_frame</name>
         <load_address>0x79</load_address>
         <run_address>0x79</run_address>
         <size>0x32</size>
         <input_file_ref idref="fl-4"/>
      </object_component>
      <object_component id="oc-5f">
         <name>.debug_frame</name>
         <load_address>0xab</load_address>
         <run_address>0xab</run_address>
         <size>0xa7</size>
         <input_file_ref idref="fl-5"/>
      </object_component>
      <object_component id="oc-65">
         <name>.debug_frame</name>
         <load_address>0x152</load_address>
         <run_address>0x152</run_address>
         <size>0x47</size>
         <input_file_ref idref="fl-6"/>
      </object_component>
      <object_component id="oc-69">
         <name>.debug_frame</name>
         <load_address>0x199</load_address>
         <run_address>0x199</run_address>
         <size>0xa0</size>
         <input_file_ref idref="fl-7"/>
      </object_component>
      <object_component id="oc-6d">
         <name>.debug_frame</name>
         <load_address>0x239</load_address>
         <run_address>0x239</run_address>
         <size>0x5a</size>
         <input_file_ref idref="fl-8"/>
      </object_component>
      <object_component id="oc-75">
         <name>.debug_frame</name>
         <load_address>0x293</load_address>
         <run_address>0x293</run_address>
         <size>0x47</size>
         <input_file_ref idref="fl-a"/>
      </object_component>
      <object_component id="oc-79">
         <name>.debug_frame</name>
         <load_address>0x2da</load_address>
         <run_address>0x2da</run_address>
         <size>0x4d</size>
         <input_file_ref idref="fl-b"/>
      </object_component>
      <object_component id="oc-7d">
         <name>.debug_frame</name>
         <load_address>0x327</load_address>
         <run_address>0x327</run_address>
         <size>0x13a</size>
         <input_file_ref idref="fl-c"/>
      </object_component>
      <object_component id="oc-83">
         <name>.debug_frame</name>
         <load_address>0x461</load_address>
         <run_address>0x461</run_address>
         <size>0x9e</size>
         <input_file_ref idref="fl-d"/>
      </object_component>
      <object_component id="oc-87">
         <name>.debug_frame</name>
         <load_address>0x4ff</load_address>
         <run_address>0x4ff</run_address>
         <size>0x77</size>
         <input_file_ref idref="fl-e"/>
      </object_component>
      <object_component id="oc-8b">
         <name>.debug_frame</name>
         <load_address>0x576</load_address>
         <run_address>0x576</run_address>
         <size>0x87</size>
         <input_file_ref idref="fl-f"/>
      </object_component>
      <object_component id="oc-93">
         <name>.debug_frame</name>
         <load_address>0x5fd</load_address>
         <run_address>0x5fd</run_address>
         <size>0x19b</size>
         <input_file_ref idref="fl-10"/>
      </object_component>
      <object_component id="oc-52">
         <name>.debug_line</name>
         <load_address>0x0</load_address>
         <run_address>0x0</run_address>
         <size>0x2e</size>
         <input_file_ref idref="fl-2"/>
      </object_component>
      <object_component id="oc-58">
         <name>.debug_line</name>
         <load_address>0x2e</load_address>
         <run_address>0x2e</run_address>
         <size>0x5c</size>
         <input_file_ref idref="fl-3"/>
      </object_component>
      <object_component id="oc-5c">
         <name>.debug_line</name>
         <load_address>0x8a</load_address>
         <run_address>0x8a</run_address>
         <size>0x32</size>
         <input_file_ref idref="fl-4"/>
      </object_component>
      <object_component id="oc-60">
         <name>.debug_line</name>
         <load_address>0xbc</load_address>
         <run_address>0xbc</run_address>
         <size>0xc8</size>
         <input_file_ref idref="fl-5"/>
      </object_component>
      <object_component id="oc-66">
         <name>.debug_line</name>
         <load_address>0x184</load_address>
         <run_address>0x184</run_address>
         <size>0x59</size>
         <input_file_ref idref="fl-6"/>
      </object_component>
      <object_component id="oc-6a">
         <name>.debug_line</name>
         <load_address>0x1dd</load_address>
         <run_address>0x1dd</run_address>
         <size>0x127</size>
         <input_file_ref idref="fl-7"/>
      </object_component>
      <object_component id="oc-6e">
         <name>.debug_line</name>
         <load_address>0x304</load_address>
         <run_address>0x304</run_address>
         <size>0x92</size>
         <input_file_ref idref="fl-8"/>
      </object_component>
      <object_component id="oc-76">
         <name>.debug_line</name>
         <load_address>0x396</load_address>
         <run_address>0x396</run_address>
         <size>0x60</size>
         <input_file_ref idref="fl-a"/>
      </object_component>
      <object_component id="oc-7a">
         <name>.debug_line</name>
         <load_address>0x3f6</load_address>
         <run_address>0x3f6</run_address>
         <size>0x53</size>
         <input_file_ref idref="fl-b"/>
      </object_component>
      <object_component id="oc-7e">
         <name>.debug_line</name>
         <load_address>0x449</load_address>
         <run_address>0x449</run_address>
         <size>0x223</size>
         <input_file_ref idref="fl-c"/>
      </object_component>
      <object_component id="oc-84">
         <name>.debug_line</name>
         <load_address>0x66c</load_address>
         <run_address>0x66c</run_address>
         <size>0xfd</size>
         <input_file_ref idref="fl-d"/>
      </object_component>
      <object_component id="oc-88">
         <name>.debug_line</name>
         <load_address>0x769</load_address>
         <run_address>0x769</run_address>
         <size>0x82</size>
         <input_file_ref idref="fl-e"/>
      </object_component>
      <object_component id="oc-8c">
         <name>.debug_line</name>
         <load_address>0x7eb</load_address>
         <run_address>0x7eb</run_address>
         <size>0xca</size>
         <input_file_ref idref="fl-f"/>
      </object_component>
      <object_component id="oc-94">
         <name>.debug_line</name>
         <load_address>0x8b5</load_address>
         <run_address>0x8b5</run_address>
         <size>0xcec</size>
         <input_file_ref idref="fl-10"/>
      </object_component>
      <object_component id="oc-97">
         <name>.debug_line</name>
         <load_address>0x15a1</load_address>
         <run_address>0x15a1</run_address>
         <size>0x36</size>
         <input_file_ref idref="fl-2a"/>
      </object_component>
      <object_component id="oc-9d">
         <name>.debug_line</name>
         <load_address>0x15d7</load_address>
         <run_address>0x15d7</run_address>
         <size>0x3a</size>
         <input_file_ref idref="fl-2b"/>
      </object_component>
      <object_component id="oc-a0">
         <name>.debug_line</name>
         <load_address>0x1611</load_address>
         <run_address>0x1611</run_address>
         <size>0x34</size>
         <input_file_ref idref="fl-2c"/>
      </object_component>
      <object_component id="oc-a3">
         <name>.debug_line</name>
         <load_address>0x1645</load_address>
         <run_address>0x1645</run_address>
         <size>0x33</size>
         <input_file_ref idref="fl-2d"/>
      </object_component>
      <object_component id="oc-a6">
         <name>.debug_line</name>
         <load_address>0x1678</load_address>
         <run_address>0x1678</run_address>
         <size>0x2e</size>
         <input_file_ref idref="fl-2e"/>
      </object_component>
      <object_component id="oc-a9">
         <name>.debug_line</name>
         <load_address>0x16a6</load_address>
         <run_address>0x16a6</run_address>
         <size>0x2a</size>
         <input_file_ref idref="fl-2f"/>
      </object_component>
      <object_component id="oc-ad">
         <name>.debug_line</name>
         <load_address>0x16d0</load_address>
         <run_address>0x16d0</run_address>
         <size>0x4a</size>
         <input_file_ref idref="fl-30"/>
      </object_component>
      <object_component id="oc-b1">
         <name>.debug_line</name>
         <load_address>0x171a</load_address>
         <run_address>0x171a</run_address>
         <size>0x40</size>
         <input_file_ref idref="fl-31"/>
      </object_component>
      <object_component id="oc-b5">
         <name>.debug_line</name>
         <load_address>0x175a</load_address>
         <run_address>0x175a</run_address>
         <size>0x54</size>
         <input_file_ref idref="fl-32"/>
      </object_component>
      <object_component id="oc-b9">
         <name>.debug_line</name>
         <load_address>0x17ae</load_address>
         <run_address>0x17ae</run_address>
         <size>0x61</size>
         <input_file_ref idref="fl-33"/>
      </object_component>
      <object_component id="oc-bc">
         <name>.debug_line</name>
         <load_address>0x180f</load_address>
         <run_address>0x180f</run_address>
         <size>0x38</size>
         <input_file_ref idref="fl-34"/>
      </object_component>
      <object_component id="oc-c0">
         <name>.debug_line</name>
         <load_address>0x1847</load_address>
         <run_address>0x1847</run_address>
         <size>0xb7</size>
         <input_file_ref idref="fl-35"/>
      </object_component>
      <object_component id="oc-c4">
         <name>.debug_line</name>
         <load_address>0x18fe</load_address>
         <run_address>0x18fe</run_address>
         <size>0x79</size>
         <input_file_ref idref="fl-36"/>
      </object_component>
      <object_component id="oc-c8">
         <name>.debug_line</name>
         <load_address>0x1977</load_address>
         <run_address>0x1977</run_address>
         <size>0x52</size>
         <input_file_ref idref="fl-37"/>
      </object_component>
      <object_component id="oc-cc">
         <name>.debug_line</name>
         <load_address>0x19c9</load_address>
         <run_address>0x19c9</run_address>
         <size>0x8a</size>
         <input_file_ref idref="fl-38"/>
      </object_component>
      <object_component id="oc-d0">
         <name>.debug_line</name>
         <load_address>0x1a53</load_address>
         <run_address>0x1a53</run_address>
         <size>0x65</size>
         <input_file_ref idref="fl-39"/>
      </object_component>
      <object_component id="oc-d4">
         <name>.debug_line</name>
         <load_address>0x1ab8</load_address>
         <run_address>0x1ab8</run_address>
         <size>0x57</size>
         <input_file_ref idref="fl-3a"/>
      </object_component>
      <object_component id="oc-d8">
         <name>.debug_line</name>
         <load_address>0x1b0f</load_address>
         <run_address>0x1b0f</run_address>
         <size>0x4a</size>
         <input_file_ref idref="fl-3b"/>
      </object_component>
      <object_component id="oc-dc">
         <name>.debug_line</name>
         <load_address>0x1b59</load_address>
         <run_address>0x1b59</run_address>
         <size>0x38</size>
         <input_file_ref idref="fl-3c"/>
      </object_component>
      <object_component id="oc-e0">
         <name>.debug_line</name>
         <load_address>0x1b91</load_address>
         <run_address>0x1b91</run_address>
         <size>0x38</size>
         <input_file_ref idref="fl-3d"/>
      </object_component>
      <object_component id="oc-e3">
         <name>.debug_line</name>
         <load_address>0x1bc9</load_address>
         <run_address>0x1bc9</run_address>
         <size>0x3c</size>
         <input_file_ref idref="fl-3e"/>
      </object_component>
      <object_component id="oc-e7">
         <name>.debug_line</name>
         <load_address>0x1c05</load_address>
         <run_address>0x1c05</run_address>
         <size>0x42</size>
         <input_file_ref idref="fl-3f"/>
      </object_component>
      <object_component id="oc-eb">
         <name>.debug_line</name>
         <load_address>0x1c47</load_address>
         <run_address>0x1c47</run_address>
         <size>0x45</size>
         <input_file_ref idref="fl-40"/>
      </object_component>
      <object_component id="oc-ee">
         <name>.debug_line</name>
         <load_address>0x1c8c</load_address>
         <run_address>0x1c8c</run_address>
         <size>0x39</size>
         <input_file_ref idref="fl-41"/>
      </object_component>
      <object_component id="oc-f2">
         <name>.debug_line</name>
         <load_address>0x1cc5</load_address>
         <run_address>0x1cc5</run_address>
         <size>0x35</size>
         <input_file_ref idref="fl-42"/>
      </object_component>
      <object_component id="oc-f5">
         <name>.debug_line</name>
         <load_address>0x1cfa</load_address>
         <run_address>0x1cfa</run_address>
         <size>0x29</size>
         <input_file_ref idref="fl-43"/>
      </object_component>
      <object_component id="oc-f8">
         <name>.debug_line</name>
         <load_address>0x1d23</load_address>
         <run_address>0x1d23</run_address>
         <size>0x46</size>
         <input_file_ref idref="fl-44"/>
      </object_component>
      <object_component id="oc-53">
         <name>.debug_abbrev</name>
         <load_address>0x0</load_address>
         <run_address>0x0</run_address>
         <size>0x76</size>
         <input_file_ref idref="fl-2"/>
      </object_component>
      <object_component id="oc-59">
         <name>.debug_abbrev</name>
         <load_address>0x76</load_address>
         <run_address>0x76</run_address>
         <size>0x15e</size>
         <input_file_ref idref="fl-3"/>
      </object_component>
      <object_component id="oc-5d">
         <name>.debug_abbrev</name>
         <load_address>0x1d4</load_address>
         <run_address>0x1d4</run_address>
         <size>0xe9</size>
         <input_file_ref idref="fl-4"/>
      </object_component>
      <object_component id="oc-61">
         <name>.debug_abbrev</name>
         <load_address>0x2bd</load_address>
         <run_address>0x2bd</run_address>
         <size>0x13f</size>
         <input_file_ref idref="fl-5"/>
      </object_component>
      <object_component id="oc-67">
         <name>.debug_abbrev</name>
         <load_address>0x3fc</load_address>
         <run_address>0x3fc</run_address>
         <size>0xd1</size>
         <input_file_ref idref="fl-6"/>
      </object_component>
      <object_component id="oc-6b">
         <name>.debug_abbrev</name>
         <load_address>0x4cd</load_address>
         <run_address>0x4cd</run_address>
         <size>0x112</size>
         <input_file_ref idref="fl-7"/>
      </object_component>
      <object_component id="oc-6f">
         <name>.debug_abbrev</name>
         <load_address>0x5df</load_address>
         <run_address>0x5df</run_address>
         <size>0xe8</size>
         <input_file_ref idref="fl-8"/>
      </object_component>
      <object_component id="oc-73">
         <name>.debug_abbrev</name>
         <load_address>0x6c7</load_address>
         <run_address>0x6c7</run_address>
         <size>0x49</size>
         <input_file_ref idref="fl-9"/>
      </object_component>
      <object_component id="oc-77">
         <name>.debug_abbrev</name>
         <load_address>0x710</load_address>
         <run_address>0x710</run_address>
         <size>0xe7</size>
         <input_file_ref idref="fl-a"/>
      </object_component>
      <object_component id="oc-7b">
         <name>.debug_abbrev</name>
         <load_address>0x7f7</load_address>
         <run_address>0x7f7</run_address>
         <size>0xbb</size>
         <input_file_ref idref="fl-b"/>
      </object_component>
      <object_component id="oc-7f">
         <name>.debug_abbrev</name>
         <load_address>0x8b2</load_address>
         <run_address>0x8b2</run_address>
         <size>0x147</size>
         <input_file_ref idref="fl-c"/>
      </object_component>
      <object_component id="oc-85">
         <name>.debug_abbrev</name>
         <load_address>0x9f9</load_address>
         <run_address>0x9f9</run_address>
         <size>0x101</size>
         <input_file_ref idref="fl-d"/>
      </object_component>
      <object_component id="oc-89">
         <name>.debug_abbrev</name>
         <load_address>0xafa</load_address>
         <run_address>0xafa</run_address>
         <size>0xa9</size>
         <input_file_ref idref="fl-e"/>
      </object_component>
      <object_component id="oc-8d">
         <name>.debug_abbrev</name>
         <load_address>0xba3</load_address>
         <run_address>0xba3</run_address>
         <size>0x108</size>
         <input_file_ref idref="fl-f"/>
      </object_component>
      <object_component id="oc-95">
         <name>.debug_abbrev</name>
         <load_address>0xcab</load_address>
         <run_address>0xcab</run_address>
         <size>0x20e</size>
         <input_file_ref idref="fl-10"/>
      </object_component>
      <object_component id="oc-98">
         <name>.debug_abbrev</name>
         <load_address>0xeb9</load_address>
         <run_address>0xeb9</run_address>
         <size>0x72</size>
         <input_file_ref idref="fl-2a"/>
      </object_component>
      <object_component id="oc-9e">
         <name>.debug_abbrev</name>
         <load_address>0xf2b</load_address>
         <run_address>0xf2b</run_address>
         <size>0x11f</size>
         <input_file_ref idref="fl-2b"/>
      </object_component>
      <object_component id="oc-a1">
         <name>.debug_abbrev</name>
         <load_address>0x104a</load_address>
         <run_address>0x104a</run_address>
         <size>0xae</size>
         <input_file_ref idref="fl-2c"/>
      </object_component>
      <object_component id="oc-a4">
         <name>.debug_abbrev</name>
         <load_address>0x10f8</load_address>
         <run_address>0x10f8</run_address>
         <size>0x10b</size>
         <input_file_ref idref="fl-2d"/>
      </object_component>
      <object_component id="oc-a7">
         <name>.debug_abbrev</name>
         <load_address>0x1203</load_address>
         <run_address>0x1203</run_address>
         <size>0xbd</size>
         <input_file_ref idref="fl-2e"/>
      </object_component>
      <object_component id="oc-aa">
         <name>.debug_abbrev</name>
         <load_address>0x12c0</load_address>
         <run_address>0x12c0</run_address>
         <size>0x32</size>
         <input_file_ref idref="fl-2f"/>
      </object_component>
      <object_component id="oc-ae">
         <name>.debug_abbrev</name>
         <load_address>0x12f2</load_address>
         <run_address>0x12f2</run_address>
         <size>0x46</size>
         <input_file_ref idref="fl-30"/>
      </object_component>
      <object_component id="oc-b2">
         <name>.debug_abbrev</name>
         <load_address>0x1338</load_address>
         <run_address>0x1338</run_address>
         <size>0x38</size>
         <input_file_ref idref="fl-31"/>
      </object_component>
      <object_component id="oc-b6">
         <name>.debug_abbrev</name>
         <load_address>0x1370</load_address>
         <run_address>0x1370</run_address>
         <size>0x46</size>
         <input_file_ref idref="fl-32"/>
      </object_component>
      <object_component id="oc-ba">
         <name>.debug_abbrev</name>
         <load_address>0x13b6</load_address>
         <run_address>0x13b6</run_address>
         <size>0x38</size>
         <input_file_ref idref="fl-33"/>
      </object_component>
      <object_component id="oc-bd">
         <name>.debug_abbrev</name>
         <load_address>0x13ee</load_address>
         <run_address>0x13ee</run_address>
         <size>0xd8</size>
         <input_file_ref idref="fl-34"/>
      </object_component>
      <object_component id="oc-c1">
         <name>.debug_abbrev</name>
         <load_address>0x14c6</load_address>
         <run_address>0x14c6</run_address>
         <size>0x38</size>
         <input_file_ref idref="fl-35"/>
      </object_component>
      <object_component id="oc-c5">
         <name>.debug_abbrev</name>
         <load_address>0x14fe</load_address>
         <run_address>0x14fe</run_address>
         <size>0x38</size>
         <input_file_ref idref="fl-36"/>
      </object_component>
      <object_component id="oc-c9">
         <name>.debug_abbrev</name>
         <load_address>0x1536</load_address>
         <run_address>0x1536</run_address>
         <size>0x38</size>
         <input_file_ref idref="fl-37"/>
      </object_component>
      <object_component id="oc-cd">
         <name>.debug_abbrev</name>
         <load_address>0x156e</load_address>
         <run_address>0x156e</run_address>
         <size>0x38</size>
         <input_file_ref idref="fl-38"/>
      </object_component>
      <object_component id="oc-d1">
         <name>.debug_abbrev</name>
         <load_address>0x15a6</load_address>
         <run_address>0x15a6</run_address>
         <size>0x38</size>
         <input_file_ref idref="fl-39"/>
      </object_component>
      <object_component id="oc-d5">
         <name>.debug_abbrev</name>
         <load_address>0x15de</load_address>
         <run_address>0x15de</run_address>
         <size>0x38</size>
         <input_file_ref idref="fl-3a"/>
      </object_component>
      <object_component id="oc-d9">
         <name>.debug_abbrev</name>
         <load_address>0x1616</load_address>
         <run_address>0x1616</run_address>
         <size>0x38</size>
         <input_file_ref idref="fl-3b"/>
      </object_component>
      <object_component id="oc-dd">
         <name>.debug_abbrev</name>
         <load_address>0x164e</load_address>
         <run_address>0x164e</run_address>
         <size>0x38</size>
         <input_file_ref idref="fl-3c"/>
      </object_component>
      <object_component id="oc-e1">
         <name>.debug_abbrev</name>
         <load_address>0x1686</load_address>
         <run_address>0x1686</run_address>
         <size>0x38</size>
         <input_file_ref idref="fl-3d"/>
      </object_component>
      <object_component id="oc-e4">
         <name>.debug_abbrev</name>
         <load_address>0x16be</load_address>
         <run_address>0x16be</run_address>
         <size>0xaf</size>
         <input_file_ref idref="fl-3e"/>
      </object_component>
      <object_component id="oc-e8">
         <name>.debug_abbrev</name>
         <load_address>0x176d</load_address>
         <run_address>0x176d</run_address>
         <size>0x38</size>
         <input_file_ref idref="fl-3f"/>
      </object_component>
      <object_component id="oc-ec">
         <name>.debug_abbrev</name>
         <load_address>0x17a5</load_address>
         <run_address>0x17a5</run_address>
         <size>0x38</size>
         <input_file_ref idref="fl-40"/>
      </object_component>
      <object_component id="oc-ef">
         <name>.debug_abbrev</name>
         <load_address>0x17dd</load_address>
         <run_address>0x17dd</run_address>
         <size>0x64</size>
         <input_file_ref idref="fl-41"/>
      </object_component>
      <object_component id="oc-f3">
         <name>.debug_abbrev</name>
         <load_address>0x1841</load_address>
         <run_address>0x1841</run_address>
         <size>0x90</size>
         <input_file_ref idref="fl-42"/>
      </object_component>
      <object_component id="oc-f6">
         <name>.debug_abbrev</name>
         <load_address>0x18d1</load_address>
         <run_address>0x18d1</run_address>
         <size>0xd4</size>
         <input_file_ref idref="fl-43"/>
      </object_component>
      <object_component id="oc-f9">
         <name>.debug_abbrev</name>
         <load_address>0x19a5</load_address>
         <run_address>0x19a5</run_address>
         <size>0xff</size>
         <input_file_ref idref="fl-44"/>
      </object_component>
      <object_component id="oc-195">
         <name>.debug_abbrev</name>
         <load_address>0x1aa4</load_address>
         <run_address>0x1aa4</run_address>
         <size>0xd</size>
      </object_component>
   </object_component_list>
   <logical_group_list>
      <logical_group id="lg-2">
         <name>.bss</name>
         <run_address>0x1c00</run_address>
         <size>0xc84</size>
         <contents>
            <object_component_ref idref="oc-54"/>
            <object_component_ref idref="oc-62"/>
            <object_component_ref idref="oc-70"/>
            <object_component_ref idref="oc-80"/>
            <object_component_ref idref="oc-8e"/>
            <object_component_ref idref="oc-99"/>
            <object_component_ref idref="oc-f0"/>
         </contents>
      </logical_group>
      <logical_group id="lg-3">
         <name>.sysmem</name>
         <run_address>0x0</run_address>
         <size>0x0</size>
         <contents>
         </contents>
      </logical_group>
      <logical_group id="lg-4">
         <name>.stack</name>
         <run_address>0x5b60</run_address>
         <size>0xa0</size>
         <contents>
            <object_component_ref idref="oc-9b"/>
            <object_component_ref idref="oc-192"/>
         </contents>
      </logical_group>
      <logical_group id="lg-193">
         <name>.text</name>
         <load_address>0x68d6</load_address>
         <run_address>0x68d6</run_address>
         <size>0x2eea</size>
         <contents>
            <object_component_ref idref="oc-107"/>
            <object_component_ref idref="oc-103"/>
            <object_component_ref idref="oc-be"/>
            <object_component_ref idref="oc-130"/>
            <object_component_ref idref="oc-137"/>
            <object_component_ref idref="oc-102"/>
            <object_component_ref idref="oc-12a"/>
            <object_component_ref idref="oc-114"/>
            <object_component_ref idref="oc-116"/>
            <object_component_ref idref="oc-13a"/>
            <object_component_ref idref="oc-ca"/>
            <object_component_ref idref="oc-10c"/>
            <object_component_ref idref="oc-fd"/>
            <object_component_ref idref="oc-c2"/>
            <object_component_ref idref="oc-13b"/>
            <object_component_ref idref="oc-12d"/>
            <object_component_ref idref="oc-110"/>
            <object_component_ref idref="oc-106"/>
            <object_component_ref idref="oc-139"/>
            <object_component_ref idref="oc-ce"/>
            <object_component_ref idref="oc-104"/>
            <object_component_ref idref="oc-b7"/>
            <object_component_ref idref="oc-12e"/>
            <object_component_ref idref="oc-128"/>
            <object_component_ref idref="oc-109"/>
            <object_component_ref idref="oc-124"/>
            <object_component_ref idref="oc-10b"/>
            <object_component_ref idref="oc-113"/>
            <object_component_ref idref="oc-ff"/>
            <object_component_ref idref="oc-fc"/>
            <object_component_ref idref="oc-132"/>
            <object_component_ref idref="oc-d2"/>
            <object_component_ref idref="oc-100"/>
            <object_component_ref idref="oc-119"/>
            <object_component_ref idref="oc-b3"/>
            <object_component_ref idref="oc-12f"/>
            <object_component_ref idref="oc-138"/>
            <object_component_ref idref="oc-127"/>
            <object_component_ref idref="oc-c6"/>
            <object_component_ref idref="oc-131"/>
            <object_component_ref idref="oc-12b"/>
            <object_component_ref idref="oc-ab"/>
            <object_component_ref idref="oc-10e"/>
            <object_component_ref idref="oc-12c"/>
            <object_component_ref idref="oc-d6"/>
            <object_component_ref idref="oc-e9"/>
            <object_component_ref idref="oc-118"/>
            <object_component_ref idref="oc-134"/>
            <object_component_ref idref="oc-10d"/>
            <object_component_ref idref="oc-10f"/>
            <object_component_ref idref="oc-af"/>
            <object_component_ref idref="oc-e5"/>
            <object_component_ref idref="oc-101"/>
            <object_component_ref idref="oc-126"/>
            <object_component_ref idref="oc-108"/>
            <object_component_ref idref="oc-136"/>
            <object_component_ref idref="oc-105"/>
            <object_component_ref idref="oc-10a"/>
            <object_component_ref idref="oc-133"/>
            <object_component_ref idref="oc-115"/>
            <object_component_ref idref="oc-da"/>
            <object_component_ref idref="oc-de"/>
            <object_component_ref idref="oc-135"/>
            <object_component_ref idref="oc-fb"/>
            <object_component_ref idref="oc-fe"/>
            <object_component_ref idref="oc-fa"/>
         </contents>
      </logical_group>
      <split_section id="lg-5">
         <name>.text</name>
         <contents>
            <logical_group_ref idref="lg-193"/>
         </contents>
      </split_section>
      <logical_group id="lg-6">
         <name>.text:_isr</name>
         <load_address>0x6878</load_address>
         <run_address>0x6878</run_address>
         <size>0x5e</size>
         <contents>
            <object_component_ref idref="oc-92"/>
            <object_component_ref idref="oc-4f"/>
         </contents>
      </logical_group>
      <logical_group id="lg-7">
         <name>.cinit</name>
         <load_address>0x5c00</load_address>
         <run_address>0x5c00</run_address>
         <size>0xc78</size>
         <contents>
            <object_component_ref idref="oc-72"/>
            <object_component_ref idref="oc-91"/>
            <object_component_ref idref="oc-82"/>
            <object_component_ref idref="oc-56"/>
            <object_component_ref idref="oc-64"/>
         </contents>
      </logical_group>
      <logical_group id="lg-8">
         <name>.const</name>
         <load_address>0x97c0</load_address>
         <run_address>0x97c0</run_address>
         <size>0x2d3</size>
         <contents>
            <object_component_ref idref="oc-11f"/>
            <object_component_ref idref="oc-125"/>
            <object_component_ref idref="oc-120"/>
            <object_component_ref idref="oc-121"/>
            <object_component_ref idref="oc-122"/>
            <object_component_ref idref="oc-123"/>
            <object_component_ref idref="oc-117"/>
            <object_component_ref idref="oc-11e"/>
            <object_component_ref idref="oc-111"/>
            <object_component_ref idref="oc-129"/>
            <object_component_ref idref="oc-11d"/>
            <object_component_ref idref="oc-112"/>
            <object_component_ref idref="oc-11c"/>
            <object_component_ref idref="oc-11b"/>
            <object_component_ref idref="oc-11a"/>
         </contents>
      </logical_group>
      <logical_group id="lg-9">
         <name>.cio</name>
         <run_address>0x0</run_address>
         <size>0x0</size>
         <contents>
         </contents>
      </logical_group>
      <logical_group id="lg-a">
         <name>.pinit</name>
         <run_address>0x0</run_address>
         <size>0x0</size>
         <contents>
         </contents>
      </logical_group>
      <logical_group id="lg-b">
         <name>.infoA</name>
         <run_address>0x0</run_address>
         <size>0x0</size>
         <contents>
         </contents>
      </logical_group>
      <logical_group id="lg-c">
         <name>.infoB</name>
         <run_address>0x0</run_address>
         <size>0x0</size>
         <contents>
         </contents>
      </logical_group>
      <logical_group id="lg-d">
         <name>.infoC</name>
         <run_address>0x0</run_address>
         <size>0x0</size>
         <contents>
         </contents>
      </logical_group>
      <logical_group id="lg-e">
         <name>.infoD</name>
         <run_address>0x0</run_address>
         <size>0x0</size>
         <contents>
         </contents>
      </logical_group>
      <logical_group id="lg-f">
         <name>.int00</name>
         <run_address>0x0</run_address>
         <size>0x0</size>
         <contents>
         </contents>
      </logical_group>
      <logical_group id="lg-10">
         <name>.int01</name>
         <run_address>0x0</run_address>
         <size>0x0</size>
         <contents>
         </contents>
      </logical_group>
      <logical_group id="lg-11">
         <name>.int02</name>
         <run_address>0x0</run_address>
         <size>0x0</size>
         <contents>
         </contents>
      </logical_group>
      <logical_group id="lg-12">
         <name>.int03</name>
         <run_address>0x0</run_address>
         <size>0x0</size>
         <contents>
         </contents>
      </logical_group>
      <logical_group id="lg-13">
         <name>.int04</name>
         <run_address>0x0</run_address>
         <size>0x0</size>
         <contents>
         </contents>
      </logical_group>
      <logical_group id="lg-14">
         <name>.int05</name>
         <run_address>0x0</run_address>
         <size>0x0</size>
         <contents>
         </contents>
      </logical_group>
      <logical_group id="lg-15">
         <name>.int06</name>
         <run_address>0x0</run_address>
         <size>0x0</size>
         <contents>
         </contents>
      </logical_group>
      <logical_group id="lg-16">
         <name>.int07</name>
         <run_address>0x0</run_address>
         <size>0x0</size>
         <contents>
         </contents>
      </logical_group>
      <logical_group id="lg-17">
         <name>.int08</name>
         <run_address>0x0</run_address>
         <size>0x0</size>
         <contents>
         </contents>
      </logical_group>
      <logical_group id="lg-18">
         <name>.int09</name>
         <run_address>0x0</run_address>
         <size>0x0</size>
         <contents>
         </contents>
      </logical_group>
      <logical_group id="lg-19">
         <name>.int10</name>
         <run_address>0x0</run_address>
         <size>0x0</size>
         <contents>
         </contents>
      </logical_group>
      <logical_group id="lg-1a">
         <name>.int11</name>
         <run_address>0x0</run_address>
         <size>0x0</size>
         <contents>
         </contents>
      </logical_group>
      <logical_group id="lg-1b">
         <name>.int12</name>
         <run_address>0x0</run_address>
         <size>0x0</size>
         <contents>
         </contents>
      </logical_group>
      <logical_group id="lg-1c">
         <name>.int13</name>
         <run_address>0x0</run_address>
         <size>0x0</size>
         <contents>
         </contents>
      </logical_group>
      <logical_group id="lg-1d">
         <name>.int14</name>
         <run_address>0x0</run_address>
[...]
         <value>0x1c00</value>
      </symbol>
      <symbol id="sm-2b1">
         <name>end</name>
         <value>0x2884</value>
      </symbol>
      <symbol id="sm-2b2">
         <name>__end__</name>
         <value>0x2884</value>
      </symbol>
      <symbol id="sm-370">
         <name>UCS_LFXT1Start</name>
         <value>0x933e</value>
         <object_component_ref idref="oc-132"/>
      </symbol>
      <symbol id="sm-371">
         <name>XT2ClockFrequency</name>
         <value>0x287e</value>
         <object_component_ref idref="oc-54"/>
      </symbol>
      <symbol id="sm-372">
         <name>XT1ClockFrequency</name>
         <value>0x287a</value>
         <object_component_ref idref="oc-54"/>
      </symbol>
      <symbol id="sm-391">
         <name>RTC_calendarInit</name>
         <value>0x90e4</value>
         <object_component_ref idref="oc-12e"/>
      </symbol>
      <symbol id="sm-392">
         <name>RTC_startClock</name>
         <value>0x97ae</value>
         <object_component_ref idref="oc-135"/>
      </symbol>
      <symbol id="sm-393">
         <name>RTC_setCalendarEvent</name>
         <value>0x9784</value>
         <object_component_ref idref="oc-133"/>
      </symbol>
      <symbol id="sm-394">
         <name>RTC_enableInterrupt</name>
         <value>0x96aa</value>
         <object_component_ref idref="oc-134"/>
      </symbol>
      <symbol id="sm-395">
         <name>RTC_getCalendarTime</name>
         <value>0x93ca</value>
         <object_component_ref idref="oc-100"/>
      </symbol>
      <symbol id="sm-3ac">
         <name>SPEED_UP</name>
         <value>0x9184</value>
         <object_component_ref idref="oc-109"/>
      </symbol>
      <symbol id="sm-3ad">
         <name>status</name>
         <value>0x2882</value>
         <object_component_ref idref="oc-62"/>
      </symbol>
      <symbol id="sm-3e8">
         <name>PMM_setVCore</name>
         <value>0x948e</value>
         <object_component_ref idref="oc-12f"/>
      </symbol>
      <symbol id="sm-3e9">
         <name>PMM_setVCoreDown</name>
         <value>0x8d50</value>
         <object_component_ref idref="oc-13b"/>
      </symbol>
      <symbol id="sm-3ea">
         <name>PMM_setVCoreUp</name>
         <value>0x8a0c</value>
         <object_component_ref idref="oc-13a"/>
      </symbol>
      <symbol id="sm-40a">
         <name>initialize</name>
         <value>0x8638</value>
         <object_component_ref idref="oc-102"/>
      </symbol>
      <symbol id="sm-414">
         <name>graph</name>
         <value>0x2400</value>
         <object_component_ref idref="oc-70"/>
      </symbol>
      <symbol id="sm-415">
         <name>Image_zju</name>
         <value>0x1c00</value>
         <object_component_ref idref="oc-70"/>
      </symbol>
      <symbol id="sm-416">
         <name>Image_ti</name>
         <value>0x1e00</value>
         <object_component_ref idref="oc-70"/>
      </symbol>
      <symbol id="sm-417">
         <name>Image_name</name>
         <value>0x2000</value>
         <object_component_ref idref="oc-70"/>
      </symbol>
      <symbol id="sm-424">
         <name>GPIO_setAsPeripheralModuleFunctionInputPin</name>
         <value>0x956c</value>
         <object_component_ref idref="oc-131"/>
      </symbol>
      <symbol id="sm-42e">
         <name>time_init</name>
         <value>0x8e56</value>
         <object_component_ref idref="oc-110"/>
      </symbol>
      <symbol id="sm-481">
         <name>sel_low</name>
         <value>0x9776</value>
         <object_component_ref idref="oc-10a"/>
      </symbol>
      <symbol id="sm-482">
         <name>Ini_Lcd</name>
         <value>0x902e</value>
         <object_component_ref idref="oc-104"/>
      </symbol>
      <symbol id="sm-483">
         <name>delay_nms</name>
         <value>0x9768</value>
         <object_component_ref idref="oc-105"/>
      </symbol>
      <symbol id="sm-484">
         <name>delay_1ms</name>
         <value>0x9738</value>
         <object_component_ref idref="oc-126"/>
      </symbol>
      <symbol id="sm-485">
         <name>LCD_draw</name>
         <value>0x8b8e</value>
         <object_component_ref idref="oc-10c"/>
      </symbol>
      <symbol id="sm-486">
         <name>delay_50us</name>
         <value>0x9748</value>
         <object_component_ref idref="oc-108"/>
      </symbol>
      <symbol id="sm-487">
         <name>drawpoint</name>
         <value>0x892c</value>
         <object_component_ref idref="oc-116"/>
      </symbol>
      <symbol id="sm-488">
         <name>Disp_HZ</name>
         <value>0x968a</value>
         <object_component_ref idref="oc-118"/>
      </symbol>
      <symbol id="sm-489">
         <name>Read_Data</name>
         <value>0x8f4e</value>
         <object_component_ref idref="oc-139"/>
      </symbol>
      <symbol id="sm-48a">
         <name>Write_Data</name>
         <value>0x921c</value>
         <object_component_ref idref="oc-10b"/>
      </symbol>
      <symbol id="sm-48b">
         <name>Write_Cmd</name>
         <value>0x92ae</value>
         <object_component_ref idref="oc-ff"/>
      </symbol>
      <symbol id="sm-4bb">
         <name>Key_Event</name>
         <value>0x8ed4</value>
         <object_component_ref idref="oc-106"/>
      </symbol>
      <symbol id="sm-4bc">
         <name>Key_Val</name>
         <value>0x2846</value>
         <object_component_ref idref="oc-80"/>
      </symbol>
      <symbol id="sm-4bd">
         <name>Init_Keypad</name>
         <value>0x96c8</value>
         <object_component_ref idref="oc-10d"/>
      </symbol>
      <symbol id="sm-4be">
         <name>delay_15ms</name>
         <value>0x9500</value>
         <object_component_ref idref="oc-127"/>
      </symbol>
      <symbol id="sm-4bf">
         <name>Key_Map</name>
         <value>0x284a</value>
         <object_component_ref idref="oc-80"/>
      </symbol>
      <symbol id="sm-4c0">
         <name>Key_Pressed</name>
         <value>0x2844</value>
         <object_component_ref idref="oc-80"/>
      </symbol>
      <symbol id="sm-4c1">
         <name>Check_Key</name>
         <value>0x9138</value>
         <object_component_ref idref="oc-128"/>
      </symbol>
      <symbol id="sm-4c2">
         <name>Key_Long</name>
         <value>0x2848</value>
         <object_component_ref idref="oc-80"/>
      </symbol>
      <symbol id="sm-4d0">
         <name>transfer</name>
         <value>0x9758</value>
         <object_component_ref idref="oc-136"/>
      </symbol>
      <symbol id="sm-4d1">
         <name>TLV_5613</name>
         <value>0x9266</value>
         <object_component_ref idref="oc-113"/>
      </symbol>
      <symbol id="sm-4d2">
         <name>dainit</name>
         <value>0x96e4</value>
         <object_component_ref idref="oc-10f"/>
      </symbol>
      <symbol id="sm-4ec">
         <name>WriteSPI</name>
         <value>0x83fa</value>
         <object_component_ref idref="oc-130"/>
      </symbol>
      <symbol id="sm-4ed">
         <name>GPIO_Init</name>
         <value>0x95f0</value>
         <object_component_ref idref="oc-10e"/>
      </symbol>
      <symbol id="sm-4ee">
         <name>ADS_7950</name>
         <value>0x8dd6</value>
         <object_component_ref idref="oc-12d"/>
      </symbol>
      <symbol id="sm-4ef">
         <name>adinit</name>
         <value>0x95f0</value>
         <object_component_ref idref="oc-10e"/>
      </symbol>
      <symbol id="sm-659">
         <name>oldtime</name>
         <value>0x2808</value>
         <object_component_ref idref="oc-8e"/>
      </symbol>
      <symbol id="sm-65a">
         <name>delta</name>
         <value>0x2842</value>
         <object_component_ref idref="oc-8e"/>
      </symbol>
      <symbol id="sm-65b">
         <name>ConfigureDelta</name>
         <value>0x851c</value>
         <object_component_ref idref="oc-137"/>
      </symbol>
      <symbol id="sm-65c">
         <name>beta</name>
         <value>0x2828</value>
         <object_component_ref idref="oc-8e"/>
      </symbol>
      <symbol id="sm-65d">
         <name>RESET_CONFIRM</name>
         <value>0x9948</value>
         <object_component_ref idref="oc-125"/>
      </symbol>
      <symbol id="sm-65e">
         <name>set_ve</name>
         <value>0x874a</value>
         <object_component_ref idref="oc-12a"/>
      </symbol>
      <symbol id="sm-65f">
         <name>newtime</name>
         <value>0x2800</value>
         <object_component_ref idref="oc-8e"/>
      </symbol>
      <symbol id="sm-660">
         <name>cursor</name>
         <value>0x2824</value>
         <object_component_ref idref="oc-8e"/>
      </symbol>
      <symbol id="sm-661">
         <name>help</name>
         <value>0x97c0</value>
         <object_component_ref idref="oc-11f"/>
      </symbol>
      <symbol id="sm-662">
         <name>key</name>
         <value>0x282c</value>
         <object_component_ref idref="oc-8e"/>
      </symbol>
      <symbol id="sm-663">
         <name>day</name>
         <value>0x9a88</value>
         <object_component_ref idref="oc-11c"/>
      </symbol>
      <symbol id="sm-664">
         <name>year</name>
         <value>0x9a90</value>
         <object_component_ref idref="oc-11a"/>
      </symbol>
      <symbol id="sm-665">
         <name>dealkey</name>
         <value>0x68d6</value>
         <object_component_ref idref="oc-107"/>
      </symbol>
      <symbol id="sm-666">
         <name>main</name>
         <value>0x8c2c</value>
         <object_component_ref idref="oc-fd"/>
      </symbol>
      <symbol id="sm-667">
         <name>measure</name>
         <value>0x8844</value>
         <object_component_ref idref="oc-114"/>
      </symbol>
      <symbol id="sm-668">
         <name>month</name>
         <value>0x9a8c</value>
         <object_component_ref idref="oc-11b"/>
      </symbol>
      <symbol id="sm-669">
         <name>disp</name>
         <value>0x7850</value>
         <object_component_ref idref="oc-103"/>
      </symbol>
      <symbol id="sm-66a">
         <name>ie</name>
         <value>0x2810</value>
         <object_component_ref idref="oc-8e"/>
      </symbol>
      <symbol id="sm-66b">
         <name>alpha</name>
         <value>0x282a</value>
         <object_component_ref idref="oc-8e"/>
      </symbol>
      <symbol id="sm-66c">
         <name>veset</name>
         <value>0x2826</value>
         <object_component_ref idref="oc-8e"/>
      </symbol>
      <symbol id="sm-66d">
         <name>week</name>
         <value>0x9a7e</value>
         <object_component_ref idref="oc-11d"/>
      </symbol>
      <symbol id="sm-66e">
         <name>check</name>
         <value>0x94c8</value>
         <object_component_ref idref="oc-138"/>
      </symbol>
      <symbol id="sm-66f">
         <name>position</name>
         <value>0x2832</value>
         <object_component_ref idref="oc-8e"/>
      </symbol>
      <symbol id="sm-670">
         <name>mode</name>
         <value>0x2838</value>
         <object_component_ref idref="oc-8e"/>
      </symbol>
      <symbol id="sm-671">
         <name>de</name>
         <value>0x283c</value>
         <object_component_ref idref="oc-8e"/>
      </symbol>
      <symbol id="sm-672">
         <name>db</name>
         <value>0x283e</value>
         <object_component_ref idref="oc-8e"/>
      </symbol>
      <symbol id="sm-673">
         <name>da</name>
         <value>0x2840</value>
         <object_component_ref idref="oc-8e"/>
      </symbol>
      <symbol id="sm-674">
         <name>key_long</name>
         <value>0x282e</value>
         <object_component_ref idref="oc-8e"/>
      </symbol>
      <symbol id="sm-675">
         <name>no_answer</name>
         <value>0x2836</value>
         <object_component_ref idref="oc-8e"/>
      </symbol>
      <symbol id="sm-676">
         <name>daiji</name>
         <value>0x283a</value>
         <object_component_ref idref="oc-8e"/>
      </symbol>
      <symbol id="sm-677">
         <name>date</name>
         <value>0x9a5a</value>
         <object_component_ref idref="oc-11e"/>
      </symbol>
      <symbol id="sm-678">
         <name>hex2char</name>
         <value>0x940e</value>
         <object_component_ref idref="oc-119"/>
      </symbol>
      <symbol id="sm-679">
         <name>ad</name>
         <value>0x281c</value>
         <object_component_ref idref="oc-8e"/>
      </symbol>
      <symbol id="sm-67a">
         <name>char2hex</name>
         <value>0x961a</value>
         <object_component_ref idref="oc-12c"/>
      </symbol>
      <symbol id="sm-67b">
         <name>ieold</name>
         <value>0x2816</value>
         <object_component_ref idref="oc-8e"/>
      </symbol>
      <symbol id="sm-67c">
         <name>Its_A_Joke</name>
         <value>0x2834</value>
         <object_component_ref idref="oc-8e"/>
      </symbol>
      <symbol id="sm-67d">
         <name>flag</name>
         <value>0x2830</value>
         <object_component_ref idref="oc-8e"/>
      </symbol>
      <symbol id="sm-67e">
         <name>char2char</name>
         <value>0x9598</value>
         <object_component_ref idref="oc-12b"/>
      </symbol>
      <symbol id="sm-67f">
         <name>time</name>
         <value>0x9a38</value>
         <object_component_ref idref="oc-117"/>
      </symbol>
      <symbol id="sm-680">
         <name>hang1</name>
         <value>0x99f4</value>
         <object_component_ref idref="oc-122"/>
      </symbol>
      <symbol id="sm-681">
         <name>hang3</name>
         <value>0x998c</value>
         <object_component_ref idref="oc-120"/>
      </symbol>
      <symbol id="sm-682">
         <name>hang2</name>
         <value>0x9a16</value>
         <object_component_ref idref="oc-123"/>
      </symbol>
      <symbol id="sm-683">
         <name>hang4</name>
         <value>0x99c0</value>
         <object_component_ref idref="oc-121"/>
      </symbol>
      <symbol id="sm-684">
         <name>num2char</name>
         <value>0x91d0</value>
         <object_component_ref idref="oc-124"/>
      </symbol>
      <symbol id="sm-685">
         <name>RTC_ISR</name>
         <value>0x6878</value>
         <object_component_ref idref="oc-92"/>
      </symbol>
      <symbol id="sm-686">
         <name>screen</name>
         <value>0x2822</value>
         <object_component_ref idref="oc-8e"/>
      </symbol>
      <symbol id="sm-691">
         <name>abs</name>
         <value>0x9790</value>
         <object_component_ref idref="oc-115"/>
      </symbol>
      <symbol id="sm-6a2">
         <name>_c_int00_noexit</name>
         <value>0x68ac</value>
         <object_component_ref idref="oc-4f"/>
      </symbol>
      <symbol id="sm-6a3">
         <name>_c_int00</name>
         <value>0x68ac</value>
         <object_component_ref idref="oc-4f"/>
      </symbol>
      <symbol id="sm-6a4">
         <name>_dtors_ptr</name>
         <value>0x2876</value>
         <object_component_ref idref="oc-99"/>
      </symbol>
      <symbol id="sm-6a5">
         <name>_cleanup_ptr</name>
         <value>0x2872</value>
         <object_component_ref idref="oc-99"/>
      </symbol>
      <symbol id="sm-6a6">
         <name>_stack</name>
         <value>0x5b60</value>
         <object_component_ref idref="oc-9b"/>
      </symbol>
      <symbol id="sm-6a7">
         <name>_reset_vector</name>
         <value>0xfffe</value>
         <object_component_ref idref="oc-9c"/>
      </symbol>
      <symbol id="sm-6cd">
         <name>__remi</name>
         <value>0x95c4</value>
         <object_component_ref idref="oc-ab"/>
      </symbol>
      <symbol id="sm-6ce">
         <name>__divi</name>
         <value>0x95c4</value>
         <object_component_ref idref="oc-ab"/>
      </symbol>
      <symbol id="sm-6d8">
         <name>__remu</name>
         <value>0x96fa</value>
         <object_component_ref idref="oc-af"/>
      </symbol>
      <symbol id="sm-6d9">
         <name>__divu</name>
         <value>0x96fa</value>
         <object_component_ref idref="oc-af"/>
      </symbol>
      <symbol id="sm-6e5">
         <name>__remli</name>
         <value>0x944e</value>
         <object_component_ref idref="oc-b3"/>
      </symbol>
      <symbol id="sm-6e6">
         <name>__divli</name>
         <value>0x944e</value>
         <object_component_ref idref="oc-b3"/>
      </symbol>
      <symbol id="sm-6f4">
         <name>__divul</name>
         <value>0x908c</value>
         <object_component_ref idref="oc-b7"/>
      </symbol>
      <symbol id="sm-6f5">
         <name>__remul</name>
         <value>0x908c</value>
         <object_component_ref idref="oc-b7"/>
      </symbol>
      <symbol id="sm-700">
         <name>C$$EXIT</name>
         <value>0x97ba</value>
         <object_component_ref idref="oc-fe"/>
      </symbol>
      <symbol id="sm-701">
         <name>abort</name>
         <value>0x97ba</value>
         <object_component_ref idref="oc-fe"/>
      </symbol>
      <symbol id="sm-702">
         <name>__TI_exit</name>
         <value>0x1</value>
      </symbol>
      <symbol id="sm-71c">
         <name>__fs_add</name>
         <value>0x82d0</value>
         <object_component_ref idref="oc-be"/>
      </symbol>
      <symbol id="sm-71d">
         <name>__fs_sub</name>
         <value>0x82ca</value>
         <object_component_ref idref="oc-be"/>
      </symbol>
      <symbol id="sm-72d">
         <name>__fs_div</name>
         <value>0x8cc2</value>
         <object_component_ref idref="oc-c2"/>
      </symbol>
      <symbol id="sm-739">
         <name>__fs_itof</name>
         <value>0x9536</value>
         <object_component_ref idref="oc-c6"/>
      </symbol>
      <symbol id="sm-74f">
         <name>__fs_mpy</name>
         <value>0x8ad8</value>
         <object_component_ref idref="oc-ca"/>
      </symbol>
      <symbol id="sm-761">
         <name>__fs_toi</name>
         <value>0x8fc6</value>
         <object_component_ref idref="oc-ce"/>
      </symbol>
      <symbol id="sm-770">
         <name>__fs_tou</name>
         <value>0x9384</value>
         <object_component_ref idref="oc-d2"/>
      </symbol>
      <symbol id="sm-77a">
         <name>__fs_utof</name>
         <value>0x9644</value>
         <object_component_ref idref="oc-d6"/>
      </symbol>
      <symbol id="sm-783">
         <name>I_LSL</name>
         <value>0x979a</value>
         <object_component_ref idref="oc-da"/>
      </symbol>
      <symbol id="sm-78c">
         <name>I_LSR</name>
         <value>0x97a4</value>
         <object_component_ref idref="oc-de"/>
      </symbol>
      <symbol id="sm-798">
         <name>memcpy</name>
         <value>0x9726</value>
         <object_component_ref idref="oc-101"/>
      </symbol>
      <symbol id="sm-7a0">
         <name>__mpyi_f5hw</name>
         <value>0x9710</value>
         <object_component_ref idref="oc-e5"/>
      </symbol>
      <symbol id="sm-7a8">
         <name>__mpyl_f5hw</name>
         <value>0x9668</value>
         <object_component_ref idref="oc-e9"/>
      </symbol>
      <symbol id="sm-7b2">
         <name>_system_pre_init</name>
         <value>0x97b6</value>
         <object_component_ref idref="oc-fb"/>
      </symbol>
      <symbol id="sm-7be">
         <name>_nop</name>
         <value>0x97be</value>
         <object_component_ref idref="oc-fa"/>
      </symbol>
      <symbol id="sm-7bf">
         <name>_lock</name>
         <value>0x286a</value>
         <object_component_ref idref="oc-f0"/>
      </symbol>
      <symbol id="sm-7c0">
         <name>_unlock</name>
         <value>0x286e</value>
         <object_component_ref idref="oc-f0"/>
      </symbol>
      <symbol id="sm-7c8">
         <name>__TI_args_main</name>
         <value>0x1</value>
      </symbol>
      <symbol id="sm-7d8">
         <name>_auto_init</name>
         <value>0x92f6</value>
         <object_component_ref idref="oc-fc"/>
      </symbol>
      <symbol id="sm-7d9">
         <name>__TI_auto_init</name>
         <value>0x1</value>
      </symbol>
   </symbol_table>
</link_info>
